Category: 📺央视频道, Name: CCTV-1, Total: 420, Valid: 51, Valid Percent: 12.14%, Whitelist: 0, IPv4: 8, IPv6: 412, Min Delay: 0.1 ms, Max Speed: 1.17 M/s, Avg Speed: 0.10 M/s, Max Resolution: 1920x1080
Category: 📺央视频道, Name: CCTV-2, Total: 446, Valid: 73, Valid Percent: 16.37%, Whitelist: 0, IPv4: 6, IPv6: 440, Min Delay: 0.1 ms, Max Speed: 0.96 M/s, Avg Speed: 0.04 M/s, Max Resolution: 1920x1080
Category: 📺央视频道, Name: CCTV-3, Total: 431, Valid: 63, Valid Percent: 14.62%, Whitelist: 0, IPv4: 9, IPv6: 422, Min Delay: 0.1 ms, Max Speed: 0.94 M/s, Avg Speed: 0.08 M/s, Max Resolution: 1920x1080
Category: 📺央视频道, Name: CCTV-4, Total: 430, Valid: 66, Valid Percent: 15.35%, Whitelist: 0, IPv4: 7, IPv6: 423, Min Delay: 0.1 ms, Max Speed: 0.96 M/s, Avg Speed: 0.07 M/s, Max Resolution: 1920x1080
Category: 📺央视频道, Name: CCTV-5, Total: 408, Valid: 43, Valid Percent: 10.54%, Whitelist: 0, IPv4: 6, IPv6: 402, Min Delay: 0.1 ms, Max Speed: 0.96 M/s, Avg Speed: 0.07 M/s, Max Resolution: 1920x1080
Category: 📺央视频道, Name: CCTV-5+, Total: 397, Valid: 49, Valid Percent: 12.34%, Whitelist: 0, IPv4: 8, IPv6: 389, Min Delay: 0.1 ms, Max Speed: 0.96 M/s, Avg Speed: 0.09 M/s, Max Resolution: 1920x1080
Category: 📺央视频道, Name: CCTV-6, Total: 415, Valid: 43, Valid Percent: 10.36%, Whitelist: 0, IPv4: 8, IPv6: 407, Min Delay: 0.1 ms, Max Speed: 0.97 M/s, Avg Speed: 0.11 M/s, Max Resolution: 1920x1080
Category: 📺央视频道, Name: CCTV-7, Total: 430, Valid: 67, Valid Percent: 15.58%, Whitelist: 0, IPv4: 7, IPv6: 423, Min Delay: 0.1 ms, Max Speed: 0.96 M/s, Avg Speed: 0.06 M/s, Max Resolution: 1920x1080
Category: 📺央视频道, Name: CCTV-8, Total: 419, Valid: 53, Valid Percent: 12.65%, Whitelist: 0, IPv4: 6, IPv6: 413, Min Delay: 0.1 ms, Max Speed: 1.11 M/s, Avg Speed: 0.06 M/s, Max Resolution: 1920x1080
Category: 📺央视频道, Name: CCTV-9, Total: 430, Valid: 66, Valid Percent: 15.35%, Whitelist: 0, IPv4: 7, IPv6: 423, Min Delay: 0.1 ms, Max Speed: 0.95 M/s, Avg Speed: 0.06 M/s, Max Resolution: 1920x1080
Category: 📺央视频道, Name: CCTV-10, Total: 412, Valid: 65, Valid Percent: 15.78%, Whitelist: 0, IPv4: 8, IPv6: 404, Min Delay: 0.1 ms, Max Speed: 0.95 M/s, Avg Speed: 0.07 M/s, Max Resolution: 1920x1080
Category: 📺央视频道, Name: CCTV-11, Total: 433, Valid: 71, Valid Percent: 16.40%, Whitelist: 0, IPv4: 5, IPv6: 428, Min Delay: 0.1 ms, Max Speed: 0.93 M/s, Avg Speed: 0.04 M/s, Max Resolution: 1920x1080
Category: 📺央视频道, Name: CCTV-12, Total: 438, Valid: 71, Valid Percent: 16.21%, Whitelist: 0, IPv4: 8, IPv6: 430, Min Delay: 0.1 ms, Max Speed: 0.95 M/s, Avg Speed: 0.05 M/s, Max Resolution: 1920x1080
Category: 📺央视频道, Name: CCTV-13, Total: 456, Valid: 47, Valid Percent: 10.31%, Whitelist: 0, IPv4: 8, IPv6: 448, Min Delay: 0.1 ms, Max Speed: 0.96 M/s, Avg Speed: 0.08 M/s, Max Resolution: 1920x1080
Category: 📺央视频道, Name: CCTV-14, Total: 412, Valid: 44, Valid Percent: 10.68%, Whitelist: 0, IPv4: 7, IPv6: 405, Min Delay: 0.1 ms, Max Speed: 0.83 M/s, Avg Speed: 0.04 M/s, Max Resolution: 1920x1080
Category: 📺央视频道, Name: CCTV-15, Total: 431, Valid: 68, Valid Percent: 15.78%, Whitelist: 0, IPv4: 5, IPv6: 426, Min Delay: 0.1 ms, Max Speed: 0.68 M/s, Avg Speed: 0.02 M/s, Max Resolution: 1920x1080
Category: 📺央视频道, Name: CCTV-16, Total: 48, Valid: 26, Valid Percent: 54.17%, Whitelist: 0, IPv4: 3, IPv6: 45, Min Delay: 0.1 ms, Max Speed: 0.85 M/s, Avg Speed: 0.07 M/s, Max Resolution: 1920x1080
Category: 📺央视频道, Name: CCTV-17, Total: 412, Valid: 52, Valid Percent: 12.62%, Whitelist: 0, IPv4: 8, IPv6: 404, Min Delay: 0.1 ms, Max Speed: 140.77 M/s, Avg Speed: 2.76 M/s, Max Resolution: 1920x1080
Category: 📺央视频道, Name: CCTV-4K, Total: 1, Valid: 1, Valid Percent: 100.00%, Whitelist: 0, IPv4: 1, IPv6: 0, Min Delay: 439 ms, Max Speed: 1.04 M/s, Avg Speed: 1.04 M/s, Max Resolution: 3840x2160
Category: 📺央视频道, Name: CHC动作电影, Total: 11, Valid: 3, Valid Percent: 27.27%, Whitelist: 0, IPv4: 3, IPv6: 8, Min Delay: 414 ms, Max Speed: 0.86 M/s, Avg Speed: 0.43 M/s, Max Resolution: 1920x1080
Category: 📺央视频道, Name: CHC家庭影院, Total: 9, Valid: 3, Valid Percent: 33.33%, Whitelist: 0, IPv4: 3, IPv6: 6, Min Delay: 403 ms, Max Speed: 0.95 M/s, Avg Speed: 0.65 M/s, Max Resolution: 1920x1080
Category: 📺央视频道, Name: CHC影迷电影, Total: 357, Valid: 4, Valid Percent: 1.12%, Whitelist: 0, IPv4: 4, IPv6: 353, Min Delay: 412 ms, Max Speed: 0.92 M/s, Avg Speed: 0.52 M/s, Max Resolution: 1920x1080
Category: 📡卫视频道, Name: 广东卫视, Total: 355, Valid: 65, Valid Percent: 18.31%, Whitelist: 0, IPv4: 7, IPv6: 348, Min Delay: 0.1 ms, Max Speed: 0.93 M/s, Avg Speed: 0.05 M/s, Max Resolution: 1920x1080
Category: 📡卫视频道, Name: 浙江卫视, Total: 90, Valid: 75, Valid Percent: 83.33%, Whitelist: 0, IPv4: 7, IPv6: 83, Min Delay: 0.1 ms, Max Speed: 0.95 M/s, Avg Speed: 0.05 M/s, Max Resolution: 1920x1080
Category: 📡卫视频道, Name: 湖南卫视, Total: 82, Valid: 66, Valid Percent: 80.49%, Whitelist: 0, IPv4: 10, IPv6: 72, Min Delay: 0.1 ms, Max Speed: 1.64 M/s, Avg Speed: 0.11 M/s, Max Resolution: 1920x1080
Category: 📡卫视频道, Name: 北京卫视, Total: 353, Valid: 60, Valid Percent: 17.00%, Whitelist: 0, IPv4: 8, IPv6: 345, Min Delay: 0.1 ms, Max Speed: 1.52 M/s, Avg Speed: 0.10 M/s, Max Resolution: 1920x1080
Category: 📡卫视频道, Name: 湖北卫视, Total: 442, Valid: 76, Valid Percent: 17.19%, Whitelist: 0, IPv4: 7, IPv6: 435, Min Delay: 0.1 ms, Max Speed: 0.96 M/s, Avg Speed: 0.05 M/s, Max Resolution: 1920x1080
Category: 📡卫视频道, Name: 黑龙江卫视, Total: 274, Valid: 64, Valid Percent: 23.36%, Whitelist: 0, IPv4: 7, IPv6: 267, Min Delay: 0.1 ms, Max Speed: 0.95 M/s, Avg Speed: 0.05 M/s, Max Resolution: 1920x1080
Category: 📡卫视频道, Name: 安徽卫视, Total: 79, Valid: 64, Valid Percent: 81.01%, Whitelist: 0, IPv4: 8, IPv6: 71, Min Delay: 0.1 ms, Max Speed: 0.95 M/s, Avg Speed: 0.04 M/s, Max Resolution: 1920x1080
Category: 📡卫视频道, Name: 重庆卫视, Total: 298, Valid: 63, Valid Percent: 21.14%, Whitelist: 0, IPv4: 8, IPv6: 290, Min Delay: 0.1 ms, Max Speed: 0.95 M/s, Avg Speed: 0.07 M/s, Max Resolution: 1920x1080
Category: 📡卫视频道, Name: 东方卫视, Total: 420, Valid: 66, Valid Percent: 15.71%, Whitelist: 0, IPv4: 8, IPv6: 412, Min Delay: 0.1 ms, Max Speed: 0.96 M/s, Avg Speed: 0.05 M/s, Max Resolution: 1920x1080
Category: 📡卫视频道, Name: 东南卫视, Total: 221, Valid: 46, Valid Percent: 20.81%, Whitelist: 0, IPv4: 6, IPv6: 215, Min Delay: 0.1 ms, Max Speed: 0.95 M/s, Avg Speed: 0.06 M/s, Max Resolution: 1920x1080
Category: 📡卫视频道, Name: 甘肃卫视, Total: 41, Valid: 27, Valid Percent: 65.85%, Whitelist: 0, IPv4: 3, IPv6: 38, Min Delay: 0.1 ms, Max Speed: 0.89 M/s, Avg Speed: 0.04 M/s, Max Resolution: 1920x1080
Category: 📡卫视频道, Name: 广西卫视, Total: 52, Valid: 37, Valid Percent: 71.15%, Whitelist: 0, IPv4: 3, IPv6: 49, Min Delay: 0.1 ms, Max Speed: 0.93 M/s, Avg Speed: 0.03 M/s, Max Resolution: 1920x1080
Category: 📡卫视频道, Name: 贵州卫视, Total: 57, Valid: 41, Valid Percent: 71.93%, Whitelist: 0, IPv4: 7, IPv6: 50, Min Delay: 0.1 ms, Max Speed: 0.97 M/s, Avg Speed: 0.09 M/s, Max Resolution: 1920x1080
Category: 📡卫视频道, Name: 海南卫视, Total: 405, Valid: 42, Valid Percent: 10.37%, Whitelist: 0, IPv4: 6, IPv6: 399, Min Delay: 0.1 ms, Max Speed: 0.94 M/s, Avg Speed: 0.06 M/s, Max Resolution: 1920x1080
Category: 📡卫视频道, Name: 河北卫视, Total: 259, Valid: 48, Valid Percent: 18.53%, Whitelist: 0, IPv4: 8, IPv6: 251, Min Delay: 0.1 ms, Max Speed: 0.91 M/s, Avg Speed: 0.07 M/s, Max Resolution: 1920x1080
Category: 📡卫视频道, Name: 河南卫视, Total: 420, Valid: 54, Valid Percent: 12.86%, Whitelist: 0, IPv4: 6, IPv6: 414, Min Delay: 0.1 ms, Max Speed: 0.84 M/s, Avg Speed: 0.03 M/s, Max Resolution: 1920x1080
Category: 📡卫视频道, Name: 吉林卫视, Total: 424, Valid: 60, Valid Percent: 14.15%, Whitelist: 0, IPv4: 6, IPv6: 418, Min Delay: 0.1 ms, Max Speed: 0.96 M/s, Avg Speed: 0.04 M/s, Max Resolution: 1920x1080
Category: 📡卫视频道, Name: 江苏卫视, Total: 397, Valid: 71, Valid Percent: 17.88%, Whitelist: 0, IPv4: 9, IPv6: 388, Min Delay: 0.1 ms, Max Speed: 0.94 M/s, Avg Speed: 0.05 M/s, Max Resolution: 1920x1080
Category: 📡卫视频道, Name: 江西卫视, Total: 423, Valid: 71, Valid Percent: 16.78%, Whitelist: 0, IPv4: 7, IPv6: 416, Min Delay: 0.1 ms, Max Speed: 0.96 M/s, Avg Speed: 0.05 M/s, Max Resolution: 1920x1080
Category: 📡卫视频道, Name: 辽宁卫视, Total: 410, Valid: 46, Valid Percent: 11.22%, Whitelist: 0, IPv4: 7, IPv6: 403, Min Delay: 0.1 ms, Max Speed: 0.95 M/s, Avg Speed: 0.08 M/s, Max Resolution: 1920x1080
Category: 📡卫视频道, Name: 内蒙古卫视, Total: 37, Valid: 21, Valid Percent: 56.76%, Whitelist: 0, IPv4: 0, IPv6: 37, Min Delay: 0.1 ms, Max Speed: 0.00 M/s, Avg Speed: 0.00 M/s, Max Resolution: 1920x1080
Category: 📡卫视频道, Name: 宁夏卫视, Total: 343, Valid: 20, Valid Percent: 5.83%, Whitelist: 0, IPv4: 0, IPv6: 343, Min Delay: 0.1 ms, Max Speed: 0.00 M/s, Avg Speed: 0.00 M/s, Max Resolution: 1920x1080
Category: 📡卫视频道, Name: 青海卫视, Total: 379, Valid: 29, Valid Percent: 7.65%, Whitelist: 0, IPv4: 3, IPv6: 376, Min Delay: 0.1 ms, Max Speed: 0.96 M/s, Avg Speed: 0.04 M/s, Max Resolution: 1920x1080
Category: 📡卫视频道, Name: 山东卫视, Total: 66, Valid: 48, Valid Percent: 72.73%, Whitelist: 0, IPv4: 7, IPv6: 59, Min Delay: 0.1 ms, Max Speed: 0.95 M/s, Avg Speed: 0.07 M/s, Max Resolution: 1920x1080
Category: 📡卫视频道, Name: 山西卫视, Total: 28, Valid: 14, Valid Percent: 50.00%, Whitelist: 0, IPv4: 2, IPv6: 26, Min Delay: 0.1 ms, Max Speed: 0.91 M/s, Avg Speed: 0.08 M/s, Max Resolution: 1920x1080
Category: 📡卫视频道, Name: 陕西卫视, Total: 369, Valid: 25, Valid Percent: 6.78%, Whitelist: 0, IPv4: 3, IPv6: 366, Min Delay: 0.1 ms, Max Speed: 125.95 M/s, Avg Speed: 5.08 M/s, Max Resolution: 1920x1080
Category: 📡卫视频道, Name: 四川卫视, Total: 53, Valid: 36, Valid Percent: 67.92%, Whitelist: 0, IPv4: 6, IPv6: 47, Min Delay: 0.1 ms, Max Speed: 0.95 M/s, Avg Speed: 0.09 M/s, Max Resolution: 1920x1080
Category: 📡卫视频道, Name: 深圳卫视, Total: 62, Valid: 40, Valid Percent: 64.52%, Whitelist: 0, IPv4: 7, IPv6: 55, Min Delay: 0.1 ms, Max Speed: 0.94 M/s, Avg Speed: 0.11 M/s, Max Resolution: 1920x1080
Category: 📡卫视频道, Name: 三沙卫视, Total: 282, Valid: 11, Valid Percent: 3.90%, Whitelist: 0, IPv4: 0, IPv6: 282, Min Delay: 0.1 ms, Max Speed: 0.00 M/s, Avg Speed: 0.00 M/s, Max Resolution: 1920x1080
Category: 📡卫视频道, Name: 天津卫视, Total: 58, Valid: 44, Valid Percent: 75.86%, Whitelist: 0, IPv4: 4, IPv6: 54, Min Delay: 0.1 ms, Max Speed: 0.86 M/s, Avg Speed: 0.04 M/s, Max Resolution: 1920x1080
Category: 📡卫视频道, Name: 西藏卫视, Total: 39, Valid: 21, Valid Percent: 53.85%, Whitelist: 0, IPv4: 0, IPv6: 39, Min Delay: 0.1 ms, Max Speed: 0.00 M/s, Avg Speed: 0.00 M/s, Max Resolution: 1920x1080
Category: 📡卫视频道, Name: 新疆卫视, Total: 35, Valid: 21, Valid Percent: 60.00%, Whitelist: 0, IPv4: 0, IPv6: 35, Min Delay: 0.1 ms, Max Speed: 0.00 M/s, Avg Speed: 0.00 M/s, Max Resolution: 1920x1080
Category: 📡卫视频道, Name: 云南卫视, Total: 41, Valid: 28, Valid Percent: 68.29%, Whitelist: 0, IPv4: 4, IPv6: 37, Min Delay: 0.1 ms, Max Speed: 0.96 M/s, Avg Speed: 0.08 M/s, Max Resolution: 1920x1080
Category: 📡港澳台频道, Name: 凤凰卫视中文台, Total: 6, Valid: 0, Valid Percent: 0.00%, Whitelist: 0, IPv4: 0, IPv6: 6, Min Delay: -1 ms, Max Speed: 0.00 M/s, Avg Speed: 0.00 M/s, Max Resolution: None
Category: 📡港澳台频道, Name: 凤凰中文, Total: 6, Valid: 0, Valid Percent: 0.00%, Whitelist: 0, IPv4: 0, IPv6: 6, Min Delay: -1 ms, Max Speed: 0.00 M/s, Avg Speed: 0.00 M/s, Max Resolution: None
Category: 📡港澳台频道, Name: 凤凰卫视资讯台, Total: 7, Valid: 0, Valid Percent: 0.00%, Whitelist: 0, IPv4: 0, IPv6: 7, Min Delay: -1 ms, Max Speed: 0.00 M/s, Avg Speed: 0.00 M/s, Max Resolution: None
Category: 📡港澳台频道, Name: 凤凰资讯, Total: 4, Valid: 0, Valid Percent: 0.00%, Whitelist: 0, IPv4: 0, IPv6: 4, Min Delay: -1 ms, Max Speed: 0.00 M/s, Avg Speed: 0.00 M/s, Max Resolution: None
Category: 📡港澳台频道, Name: 凤凰香港, Total: 11, Valid: 0, Valid Percent: 0.00%, Whitelist: 0, IPv4: 0, IPv6: 11, Min Delay: -1 ms, Max Speed: 0.00 M/s, Avg Speed: 0.00 M/s, Max Resolution: None
Category: 📡港澳台频道, Name: 翡翠台, Total: 26, Valid: 0, Valid Percent: 0.00%, Whitelist: 0, IPv4: 1, IPv6: 25, Min Delay: -1 ms, Max Speed: 0.00 M/s, Avg Speed: 0.00 M/s, Max Resolution: 1920x1080
Category: 📡港澳台频道, Name: 明珠台, Total: 11, Valid: 0, Valid Percent: 0.00%, Whitelist: 0, IPv4: 0, IPv6: 11, Min Delay: -1 ms, Max Speed: 0.00 M/s, Avg Speed: 0.00 M/s, Max Resolution: None
Category: 📡港澳台频道, Name: TVBPLUS, Total: 1, Valid: 0, Valid Percent: 0.00%, Whitelist: 0, IPv4: 0, IPv6: 1, Min Delay: -1 ms, Max Speed: 0.00 M/s, Avg Speed: 0.00 M/s, Max Resolution: None
Category: 📡港澳台频道, Name: 美亚C+, Total: 1, Valid: 1, Valid Percent: 100.00%, Whitelist: 0, IPv4: 1, IPv6: 0, Min Delay: 1760 ms, Max Speed: 1.08 M/s, Avg Speed: 1.08 M/s, Max Resolution: 1920x1080
Category: 📡港澳台频道, Name: 美亚电影, Total: 2, Valid: 0, Valid Percent: 0.00%, Whitelist: 0, IPv4: 0, IPv6: 2, Min Delay: -1 ms, Max Speed: 0.00 M/s, Avg Speed: 0.00 M/s, Max Resolution: None
Category: 📡港澳台频道, Name: TVBS精采台, Total: 5, Valid: 0, Valid Percent: 0.00%, Whitelist: 0, IPv4: 0, IPv6: 5, Min Delay: -1 ms, Max Speed: 0.00 M/s, Avg Speed: 0.00 M/s, Max Resolution: None
Category: 📡港澳台频道, Name: TVBS新聞台, Total: 5, Valid: 0, Valid Percent: 0.00%, Whitelist: 0, IPv4: 0, IPv6: 5, Min Delay: -1 ms, Max Speed: 0.00 M/s, Avg Speed: 0.00 M/s, Max Resolution: None
Category: 📡港澳台频道, Name: TVB翡翠台, Total: 25, Valid: 0, Valid Percent: 0.00%, Whitelist: 0, IPv4: 0, IPv6: 25, Min Delay: -1 ms, Max Speed: 0.00 M/s, Avg Speed: 0.00 M/s, Max Resolution: None
Category: 📡港澳台频道, Name: TVB无线星河, Total: 1, Valid: 0, Valid Percent: 0.00%, Whitelist: 0, IPv4: 0, IPv6: 1, Min Delay: -1 ms, Max Speed: 0.00 M/s, Avg Speed: 0.00 M/s, Max Resolution: None
Category: 📡港澳台频道, Name: TVB翡翠台 1080P, Total: 1, Valid: 0, Valid Percent: 0.00%, Whitelist: 0, IPv4: 0, IPv6: 1, Min Delay: -1 ms, Max Speed: 0.00 M/s, Avg Speed: 0.00 M/s, Max Resolution: None
Category: 📡港澳台频道, Name: 民視新聞台, Total: 3, Valid: 0, Valid Percent: 0.00%, Whitelist: 0, IPv4: 0, IPv6: 3, Min Delay: -1 ms, Max Speed: 0.00 M/s, Avg Speed: 0.00 M/s, Max Resolution: None
Category: 📡港澳台频道, Name: 中天新聞台, Total: 6, Valid: 0, Valid Percent: 0.00%, Whitelist: 0, IPv4: 0, IPv6: 6, Min Delay: -1 ms, Max Speed: 0.00 M/s, Avg Speed: 0.00 M/s, Max Resolution: None
Category: 📡港澳台频道, Name: 中天新闻, Total: 1, Valid: 0, Valid Percent: 0.00%, Whitelist: 0, IPv4: 0, IPv6: 1, Min Delay: -1 ms, Max Speed: 0.00 M/s, Avg Speed: 0.00 M/s, Max Resolution: None
Category: 📡港澳台频道, Name: 中天综合, Total: 1, Valid: 0, Valid Percent: 0.00%, Whitelist: 0, IPv4: 0, IPv6: 1, Min Delay: -1 ms, Max Speed: 0.00 M/s, Avg Speed: 0.00 M/s, Max Resolution: None
Category: 📡港澳台频道, Name: 中天娱乐, Total: 1, Valid: 0, Valid Percent: 0.00%, Whitelist: 0, IPv4: 0, IPv6: 1, Min Delay: -1 ms, Max Speed: 0.00 M/s, Avg Speed: 0.00 M/s, Max Resolution: None
Category: 📡港澳台频道, Name: 中天亚洲, Total: 1, Valid: 0, Valid Percent: 0.00%, Whitelist: 0, IPv4: 0, IPv6: 1, Min Delay: -1 ms, Max Speed: 0.00 M/s, Avg Speed: 0.00 M/s, Max Resolution: None
Category: 📡港澳台频道, Name: 東森新聞台, Total: 2, Valid: 0, Valid Percent: 0.00%, Whitelist: 0, IPv4: 0, IPv6: 2, Min Delay: -1 ms, Max Speed: 0.00 M/s, Avg Speed: 0.00 M/s, Max Resolution: None
Category: 📡港澳台频道, Name: 东森新闻台, Total: 1, Valid: 0, Valid Percent: 0.00%, Whitelist: 0, IPv4: 0, IPv6: 1, Min Delay: -1 ms, Max Speed: 0.00 M/s, Avg Speed: 0.00 M/s, Max Resolution: None
Category: 📡港澳台频道, Name: 东森综合台, Total: 1, Valid: 0, Valid Percent: 0.00%, Whitelist: 0, IPv4: 0, IPv6: 1, Min Delay: -1 ms, Max Speed: 0.00 M/s, Avg Speed: 0.00 M/s, Max Resolution: None
Category: 📡港澳台频道, Name: 东森电影台, Total: 1, Valid: 0, Valid Percent: 0.00%, Whitelist: 0, IPv4: 0, IPv6: 1, Min Delay: -1 ms, Max Speed: 0.00 M/s, Avg Speed: 0.00 M/s, Max Resolution: None
Category: 📡港澳台频道, Name: 东森电影, Total: 1, Valid: 0, Valid Percent: 0.00%, Whitelist: 0, IPv4: 0, IPv6: 1, Min Delay: -1 ms, Max Speed: 0.00 M/s, Avg Speed: 0.00 M/s, Max Resolution: None
Category: 📡港澳台频道, Name: TVBS HD, Total: 2, Valid: 0, Valid Percent: 0.00%, Whitelist: 0, IPv4: 0, IPv6: 2, Min Delay: -1 ms, Max Speed: 0.00 M/s, Avg Speed: 0.00 M/s, Max Resolution: None
Category: 📡港澳台频道, Name: TVBS新闻台, Total: 1, Valid: 1, Valid Percent: 100.00%, Whitelist: 0, IPv4: 1, IPv6: 0, Min Delay: 5312 ms, Max Speed: 0.38 M/s, Avg Speed: 0.38 M/s, Max Resolution: 1280x720
Category: 📡港澳台频道, Name: 鏡電視新聞台, Total: 4, Valid: 0, Valid Percent: 0.00%, Whitelist: 0, IPv4: 0, IPv6: 4, Min Delay: -1 ms, Max Speed: 0.00 M/s, Avg Speed: 0.00 M/s, Max Resolution: None
Category: 📡港澳台频道, Name: 非凡新聞台, Total: 1, Valid: 0, Valid Percent: 0.00%, Whitelist: 0, IPv4: 0, IPv6: 1, Min Delay: -1 ms, Max Speed: 0.00 M/s, Avg Speed: 0.00 M/s, Max Resolution: None
Category: 📡港澳台频道, Name: 非凡新闻, Total: 1, Valid: 0, Valid Percent: 0.00%, Whitelist: 0, IPv4: 0, IPv6: 1, Min Delay: -1 ms, Max Speed: 0.00 M/s, Avg Speed: 0.00 M/s, Max Resolution: None
Category: 📡港澳台频道, Name: AXN Taiwan, Total: 2, Valid: 0, Valid Percent: 0.00%, Whitelist: 0, IPv4: 0, IPv6: 2, Min Delay: -1 ms, Max Speed: 0.00 M/s, Avg Speed: 0.00 M/s, Max Resolution: None
Category: 📡港澳台频道, Name: HBO_HD, Total: 2, Valid: 0, Valid Percent: 0.00%, Whitelist: 0, IPv4: 0, IPv6: 2, Min Delay: -1 ms, Max Speed: 0.00 M/s, Avg Speed: 0.00 M/s, Max Resolution: None
Category: 📡港澳台频道, Name: HBO_HITS, Total: 2, Valid: 0, Valid Percent: 0.00%, Whitelist: 0, IPv4: 0, IPv6: 2, Min Delay: -1 ms, Max Speed: 0.00 M/s, Avg Speed: 0.00 M/s, Max Resolution: None
Category: 📡港澳台频道, Name: 台視, Total: 3, Valid: 0, Valid Percent: 0.00%, Whitelist: 0, IPv4: 0, IPv6: 3, Min Delay: -1 ms, Max Speed: 0.00 M/s, Avg Speed: 0.00 M/s, Max Resolution: None
Category: 📡港澳台频道, Name: 台視新聞台, Total: 6, Valid: 0, Valid Percent: 0.00%, Whitelist: 0, IPv4: 0, IPv6: 6, Min Delay: -1 ms, Max Speed: 0.00 M/s, Avg Speed: 0.00 M/s, Max Resolution: None
Category: 📡港澳台频道, Name: 台视新闻, Total: 1, Valid: 0, Valid Percent: 0.00%, Whitelist: 0, IPv4: 0, IPv6: 1, Min Delay: -1 ms, Max Speed: 0.00 M/s, Avg Speed: 0.00 M/s, Max Resolution: None
Category: 📡港澳台频道, Name: 台视综合, Total: 1, Valid: 0, Valid Percent: 0.00%, Whitelist: 0, IPv4: 0, IPv6: 1, Min Delay: -1 ms, Max Speed: 0.00 M/s, Avg Speed: 0.00 M/s, Max Resolution: None
Category: 📡港澳台频道, Name: 華視新聞台, Total: 7, Valid: 0, Valid Percent: 0.00%, Whitelist: 0, IPv4: 0, IPv6: 7, Min Delay: -1 ms, Max Speed: 0.00 M/s, Avg Speed: 0.00 M/s, Max Resolution: None
Category: 📡港澳台频道, Name: 寰宇新聞台, Total: 4, Valid: 0, Valid Percent: 0.00%, Whitelist: 0, IPv4: 0, IPv6: 4, Min Delay: -1 ms, Max Speed: 0.00 M/s, Avg Speed: 0.00 M/s, Max Resolution: None
Category: 📡港澳台频道, Name: 靖天資訊台, Total: 3, Valid: 0, Valid Percent: 0.00%, Whitelist: 0, IPv4: 0, IPv6: 3, Min Delay: -1 ms, Max Speed: 0.00 M/s, Avg Speed: 0.00 M/s, Max Resolution: None
Category: 📡港澳台频道, Name: 靖天育樂台, Total: 3, Valid: 0, Valid Percent: 0.00%, Whitelist: 0, IPv4: 0, IPv6: 3, Min Delay: -1 ms, Max Speed: 0.00 M/s, Avg Speed: 0.00 M/s, Max Resolution: None
Category: 📡港澳台频道, Name: 龍華電影台, Total: 2, Valid: 0, Valid Percent: 0.00%, Whitelist: 0, IPv4: 0, IPv6: 2, Min Delay: -1 ms, Max Speed: 0.00 M/s, Avg Speed: 0.00 M/s, Max Resolution: None
Category: 📡港澳台频道, Name: 三立台湾台, Total: 1, Valid: 0, Valid Percent: 0.00%, Whitelist: 0, IPv4: 0, IPv6: 1, Min Delay: -1 ms, Max Speed: 0.00 M/s, Avg Speed: 0.00 M/s, Max Resolution: None
Category: 📡港澳台频道, Name: 三立综合台, Total: 1, Valid: 0, Valid Percent: 0.00%, Whitelist: 0, IPv4: 0, IPv6: 1, Min Delay: -1 ms, Max Speed: 0.00 M/s, Avg Speed: 0.00 M/s, Max Resolution: None
Category: 📡港澳台频道, Name: 好萊塢電影台, Total: 1, Valid: 0, Valid Percent: 0.00%, Whitelist: 0, IPv4: 0, IPv6: 1, Min Delay: -1 ms, Max Speed: 0.00 M/s, Avg Speed: 0.00 M/s, Max Resolution: None
Category: 📡港澳台频道, Name: 华丽翡翠台, Total: 3, Valid: 0, Valid Percent: 0.00%, Whitelist: 0, IPv4: 0, IPv6: 3, Min Delay: -1 ms, Max Speed: 0.00 M/s, Avg Speed: 0.00 M/s, Max Resolution: None
Category: 📡港澳台频道, Name: amc電影台, Total: 4, Valid: 0, Valid Percent: 0.00%, Whitelist: 0, IPv4: 0, IPv6: 4, Min Delay: -1 ms, Max Speed: 0.00 M/s, Avg Speed: 0.00 M/s, Max Resolution: None
Category: 📡港澳台频道, Name: 時尚運動X, Total: 5, Valid: 0, Valid Percent: 0.00%, Whitelist: 0, IPv4: 0, IPv6: 5, Min Delay: -1 ms, Max Speed: 0.00 M/s, Avg Speed: 0.00 M/s, Max Resolution: None
Category: 📡港澳台频道, Name: 民視旅遊台, Total: 3, Valid: 0, Valid Percent: 0.00%, Whitelist: 0, IPv4: 0, IPv6: 3, Min Delay: -1 ms, Max Speed: 0.00 M/s, Avg Speed: 0.00 M/s, Max Resolution: None
Category: 📡港澳台频道, Name: TVBS綜藝台, Total: 2, Valid: 0, Valid Percent: 0.00%, Whitelist: 0, IPv4: 0, IPv6: 2, Min Delay: -1 ms, Max Speed: 0.00 M/s, Avg Speed: 0.00 M/s, Max Resolution: None
Category: 📡港澳台频道, Name: 中視, Total: 8, Valid: 1, Valid Percent: 12.50%, Whitelist: 0, IPv4: 1, IPv6: 7, Min Delay: 297 ms, Max Speed: 0.30 M/s, Avg Speed: 0.30 M/s, Max Resolution: 1920x1080
Category: 📡港澳台频道, Name: 中视新闻, Total: 1, Valid: 0, Valid Percent: 0.00%, Whitelist: 0, IPv4: 0, IPv6: 1, Min Delay: -1 ms, Max Speed: 0.00 M/s, Avg Speed: 0.00 M/s, Max Resolution: None
Category: 📡港澳台频道, Name: 中视经典, Total: 1, Valid: 0, Valid Percent: 0.00%, Whitelist: 0, IPv4: 0, IPv6: 1, Min Delay: -1 ms, Max Speed: 0.00 M/s, Avg Speed: 0.00 M/s, Max Resolution: None
Category: 📡港澳台频道, Name: 華視, Total: 8, Valid: 1, Valid Percent: 12.50%, Whitelist: 0, IPv4: 1, IPv6: 7, Min Delay: 291 ms, Max Speed: 0.30 M/s, Avg Speed: 0.30 M/s, Max Resolution: 1920x1080
Category: 📡港澳台频道, Name: 民視, Total: 5, Valid: 0, Valid Percent: 0.00%, Whitelist: 0, IPv4: 0, IPv6: 5, Min Delay: -1 ms, Max Speed: 0.00 M/s, Avg Speed: 0.00 M/s, Max Resolution: None
Category: 📡港澳台频道, Name: 民视新闻台, Total: 1, Valid: 0, Valid Percent: 0.00%, Whitelist: 0, IPv4: 0, IPv6: 1, Min Delay: -1 ms, Max Speed: 0.00 M/s, Avg Speed: 0.00 M/s, Max Resolution: None
Category: 📡港澳台频道, Name: TVBS, Total: 3, Valid: 0, Valid Percent: 0.00%, Whitelist: 0, IPv4: 0, IPv6: 3, Min Delay: -1 ms, Max Speed: 0.00 M/s, Avg Speed: 0.00 M/s, Max Resolution: None
Category: 📡港澳台频道, Name: HBO Signature, Total: 3, Valid: 0, Valid Percent: 0.00%, Whitelist: 0, IPv4: 0, IPv6: 3, Min Delay: -1 ms, Max Speed: 0.00 M/s, Avg Speed: 0.00 M/s, Max Resolution: None
Category: 📡港澳台频道, Name: HBO Family, Total: 5, Valid: 0, Valid Percent: 0.00%, Whitelist: 0, IPv4: 0, IPv6: 5, Min Delay: -1 ms, Max Speed: 0.00 M/s, Avg Speed: 0.00 M/s, Max Resolution: None
Category: 📡港澳台频道, Name: HBO Hits, Total: 3, Valid: 0, Valid Percent: 0.00%, Whitelist: 0, IPv4: 0, IPv6: 3, Min Delay: -1 ms, Max Speed: 0.00 M/s, Avg Speed: 0.00 M/s, Max Resolution: None
Category: 📡港澳台频道, Name: Dreamworks, Total: 2, Valid: 0, Valid Percent: 0.00%, Whitelist: 0, IPv4: 0, IPv6: 2, Min Delay: -1 ms, Max Speed: 0.00 M/s, Avg Speed: 0.00 M/s, Max Resolution: None
Category: 📡港澳台频道, Name: Thrill, Total: 3, Valid: 0, Valid Percent: 0.00%, Whitelist: 0, IPv4: 0, IPv6: 3, Min Delay: -1 ms, Max Speed: 0.00 M/s, Avg Speed: 0.00 M/s, Max Resolution: None
Category: 📡港澳台频道, Name: Hits Movies, Total: 1, Valid: 0, Valid Percent: 0.00%, Whitelist: 0, IPv4: 0, IPv6: 1, Min Delay: -1 ms, Max Speed: 0.00 M/s, Avg Speed: 0.00 M/s, Max Resolution: None
Category: 📡港澳台频道, Name: Axn HD, Total: 3, Valid: 0, Valid Percent: 0.00%, Whitelist: 0, IPv4: 0, IPv6: 3, Min Delay: -1 ms, Max Speed: 0.00 M/s, Avg Speed: 0.00 M/s, Max Resolution: None
Category: 📡港澳台频道, Name: Fashion TV Midnight Secret, Total: 1, Valid: 0, Valid Percent: 0.00%, Whitelist: 0, IPv4: 0, IPv6: 1, Min Delay: -1 ms, Max Speed: 0.00 M/s, Avg Speed: 0.00 M/s, Max Resolution: None
Category: 📡港澳台频道, Name: Kaloopy TV, Total: 2, Valid: 0, Valid Percent: 0.00%, Whitelist: 0, IPv4: 0, IPv6: 2, Min Delay: -1 ms, Max Speed: 0.00 M/s, Avg Speed: 0.00 M/s, Max Resolution: None
Category: 📡港澳台频道, Name: 英雄联盟, Total: 1, Valid: 0, Valid Percent: 0.00%, Whitelist: 0, IPv4: 0, IPv6: 1, Min Delay: -1 ms, Max Speed: 0.00 M/s, Avg Speed: 0.00 M/s, Max Resolution: None
Category: 📡国际频道, Name: ABC 20/20, Total: 4, Valid: 0, Valid Percent: 0.00%, Whitelist: 0, IPv4: 0, IPv6: 4, Min Delay: -1 ms, Max Speed: 0.00 M/s, Avg Speed: 0.00 M/s, Max Resolution: None
Category: 📡国际频道, Name: ABC News Live, Total: 295, Valid: 0, Valid Percent: 0.00%, Whitelist: 0, IPv4: 0, IPv6: 295, Min Delay: -1 ms, Max Speed: 0.00 M/s, Avg Speed: 0.00 M/s, Max Resolution: None
Category: 📡国际频道, Name: LiveNOW from FOX, Total: 350, Valid: 0, Valid Percent: 0.00%, Whitelist: 0, IPv4: 0, IPv6: 350, Min Delay: -1 ms, Max Speed: 0.00 M/s, Avg Speed: 0.00 M/s, Max Resolution: None
Category: 📡国际频道, Name: BBC News, Total: 348, Valid: 0, Valid Percent: 0.00%, Whitelist: 0, IPv4: 0, IPv6: 348, Min Delay: -1 ms, Max Speed: 0.00 M/s, Avg Speed: 0.00 M/s, Max Resolution: None
Category: 📡国际频道, Name: Bloomberg TV, Total: 17, Valid: 0, Valid Percent: 0.00%, Whitelist: 0, IPv4: 0, IPv6: 17, Min Delay: -1 ms, Max Speed: 0.00 M/s, Avg Speed: 0.00 M/s, Max Resolution: None
Category: 📡国际频道, Name: CBS News 24/7, Total: 18, Valid: 0, Valid Percent: 0.00%, Whitelist: 0, IPv4: 0, IPv6: 18, Min Delay: -1 ms, Max Speed: 0.00 M/s, Avg Speed: 0.00 M/s, Max Resolution: None
Category: 📡国际频道, Name: CNN International, Total: 6, Valid: 0, Valid Percent: 0.00%, Whitelist: 0, IPv4: 0, IPv6: 6, Min Delay: -1 ms, Max Speed: 0.00 M/s, Avg Speed: 0.00 M/s, Max Resolution: None
Category: 📡国际频道, Name: CNN Headlines, Total: 371, Valid: 0, Valid Percent: 0.00%, Whitelist: 0, IPv4: 0, IPv6: 371, Min Delay: -1 ms, Max Speed: 0.00 M/s, Avg Speed: 0.00 M/s, Max Resolution: None
Category: 📡国际频道, Name: CNBC, Total: 15, Valid: 0, Valid Percent: 0.00%, Whitelist: 0, IPv4: 0, IPv6: 15, Min Delay: -1 ms, Max Speed: 0.00 M/s, Avg Speed: 0.00 M/s, Max Resolution: None
Category: 📡国际频道, Name: Sky News, Total: 353, Valid: 0, Valid Percent: 0.00%, Whitelist: 0, IPv4: 0, IPv6: 353, Min Delay: -1 ms, Max Speed: 0.00 M/s, Avg Speed: 0.00 M/s, Max Resolution: None
Category: 📡国际频道, Name: NBC News NOW, Total: 362, Valid: 0, Valid Percent: 0.00%, Whitelist: 0, IPv4: 0, IPv6: 362, Min Delay: -1 ms, Max Speed: 0.00 M/s, Avg Speed: 0.00 M/s, Max Resolution: None
Category: 📡国际频道, Name: National Geographic Wild, Total: 2, Valid: 0, Valid Percent: 0.00%, Whitelist: 0, IPv4: 0, IPv6: 2, Min Delay: -1 ms, Max Speed: 0.00 M/s, Avg Speed: 0.00 M/s, Max Resolution: None
Category: 📡国际频道, Name: Discovery Channel, Total: 4, Valid: 0, Valid Percent: 0.00%, Whitelist: 0, IPv4: 0, IPv6: 4, Min Delay: -1 ms, Max Speed: 0.00 M/s, Avg Speed: 0.00 M/s, Max Resolution: None
Category: 📡国际频道, Name: Discovery Science, Total: 2, Valid: 0, Valid Percent: 0.00%, Whitelist: 0, IPv4: 0, IPv6: 2, Min Delay: -1 ms, Max Speed: 0.00 M/s, Avg Speed: 0.00 M/s, Max Resolution: None
Category: 📡国际频道, Name: Discovery Asia, Total: 3, Valid: 0, Valid Percent: 0.00%, Whitelist: 0, IPv4: 0, IPv6: 3, Min Delay: -1 ms, Max Speed: 0.00 M/s, Avg Speed: 0.00 M/s, Max Resolution: None
Category: 📡国际频道, Name: Investigation Discovery, Total: 2, Valid: 0, Valid Percent: 0.00%, Whitelist: 0, IPv4: 0, IPv6: 2, Min Delay: -1 ms, Max Speed: 0.00 M/s, Avg Speed: 0.00 M/s, Max Resolution: None
Category: 📡国际频道, Name: Discovery Life, Total: 2, Valid: 0, Valid Percent: 0.00%, Whitelist: 0, IPv4: 0, IPv6: 2, Min Delay: -1 ms, Max Speed: 0.00 M/s, Avg Speed: 0.00 M/s, Max Resolution: None
Category: 📡国际频道, Name: Discovery TLC, Total: 2, Valid: 0, Valid Percent: 0.00%, Whitelist: 0, IPv4: 0, IPv6: 2, Min Delay: -1 ms, Max Speed: 0.00 M/s, Avg Speed: 0.00 M/s, Max Resolution: None
Category: 📡国际频道, Name: Discovery Animal Planet, Total: 2, Valid: 0, Valid Percent: 0.00%, Whitelist: 0, IPv4: 0, IPv6: 2, Min Delay: -1 ms, Max Speed: 0.00 M/s, Avg Speed: 0.00 M/s, Max Resolution: None
Category: 📡国际频道, Name: CNN Originals, Total: 345, Valid: 0, Valid Percent: 0.00%, Whitelist: 0, IPv4: 0, IPv6: 345, Min Delay: -1 ms, Max Speed: 0.00 M/s, Avg Speed: 0.00 M/s, Max Resolution: None
Category: 📡国际频道, Name: Red Bull TV, Total: 19, Valid: 0, Valid Percent: 0.00%, Whitelist: 0, IPv4: 0, IPv6: 19, Min Delay: -1 ms, Max Speed: 0.00 M/s, Avg Speed: 0.00 M/s, Max Resolution: None
Category: 📡国际频道, Name: NBA TV, Total: 3, Valid: 0, Valid Percent: 0.00%, Whitelist: 0, IPv4: 0, IPv6: 3, Min Delay: -1 ms, Max Speed: 0.00 M/s, Avg Speed: 0.00 M/s, Max Resolution: None
Category: 📡国际频道, Name: The NBA Channel, Total: 346, Valid: 0, Valid Percent: 0.00%, Whitelist: 0, IPv4: 0, IPv6: 346, Min Delay: -1 ms, Max Speed: 0.00 M/s, Avg Speed: 0.00 M/s, Max Resolution: None
Category: 📡国际频道, Name: Big Ten Network, Total: 1, Valid: 0, Valid Percent: 0.00%, Whitelist: 0, IPv4: 0, IPv6: 1, Min Delay: -1 ms, Max Speed: 0.00 M/s, Avg Speed: 0.00 M/s, Max Resolution: None
Category: 📡国际频道, Name: Fight Network, Total: 14, Valid: 0, Valid Percent: 0.00%, Whitelist: 0, IPv4: 0, IPv6: 14, Min Delay: -1 ms, Max Speed: 0.00 M/s, Avg Speed: 0.00 M/s, Max Resolution: None
Category: 📡国际频道, Name: FIGHT | FIGHT NETWORK, Total: 1, Valid: 0, Valid Percent: 0.00%, Whitelist: 0, IPv4: 0, IPv6: 1, Min Delay: -1 ms, Max Speed: 0.00 M/s, Avg Speed: 0.00 M/s, Max Resolution: None
Category: 📡国际频道, Name: FIGHT | Lucha Plus, Total: 1, Valid: 0, Valid Percent: 0.00%, Whitelist: 0, IPv4: 0, IPv6: 1, Min Delay: -1 ms, Max Speed: 0.00 M/s, Avg Speed: 0.00 M/s, Max Resolution: None
Category: 📡国际频道, Name: FIGHT | Peak Fighting, Total: 1, Valid: 0, Valid Percent: 0.00%, Whitelist: 0, IPv4: 0, IPv6: 1, Min Delay: -1 ms, Max Speed: 0.00 M/s, Avg Speed: 0.00 M/s, Max Resolution: None
Category: 📡国际频道, Name: FIGHT | PFL, Total: 1, Valid: 1, Valid Percent: 100.00%, Whitelist: 0, IPv4: 1, IPv6: 0, Min Delay: 53 ms, Max Speed: 30.94 M/s, Avg Speed: 30.94 M/s, Max Resolution: 640x360
Category: 📡国际频道, Name: FIGHT | TNA Wrestling Channel, Total: 1, Valid: 0, Valid Percent: 0.00%, Whitelist: 0, IPv4: 0, IPv6: 1, Min Delay: -1 ms, Max Speed: 0.00 M/s, Avg Speed: 0.00 M/s, Max Resolution: None
Category: 📡国际频道, Name: GLORY Kickboxing, Total: 353, Valid: 0, Valid Percent: 0.00%, Whitelist: 0, IPv4: 0, IPv6: 353, Min Delay: -1 ms, Max Speed: 0.00 M/s, Avg Speed: 0.00 M/s, Max Resolution: None
Category: 📡国际频道, Name: TNA Wrestling Channel, Total: 126, Valid: 0, Valid Percent: 0.00%, Whitelist: 0, IPv4: 0, IPv6: 126, Min Delay: -1 ms, Max Speed: 0.00 M/s, Avg Speed: 0.00 M/s, Max Resolution: None
Category: 📡国际频道, Name: Swerve Combat, Total: 348, Valid: 1, Valid Percent: 0.29%, Whitelist: 0, IPv4: 1, IPv6: 347, Min Delay: 63 ms, Max Speed: 52.51 M/s, Avg Speed: 52.51 M/s, Max Resolution: 1920x1080
Category: 📡国际频道, Name: UFC, Total: 380, Valid: 1, Valid Percent: 0.26%, Whitelist: 0, IPv4: 1, IPv6: 379, Min Delay: 52 ms, Max Speed: 74.95 M/s, Avg Speed: 74.95 M/s, Max Resolution: 1920x1080
Category: 📡国际频道, Name: FIGHT | WWE, Total: 1, Valid: 0, Valid Percent: 0.00%, Whitelist: 0, IPv4: 0, IPv6: 1, Min Delay: -1 ms, Max Speed: 0.00 M/s, Avg Speed: 0.00 M/s, Max Resolution: None
Category: 📡国际频道, Name: PFL MMA, Total: 359, Valid: 0, Valid Percent: 0.00%, Whitelist: 0, IPv4: 0, IPv6: 359, Min Delay: -1 ms, Max Speed: 0.00 M/s, Avg Speed: 0.00 M/s, Max Resolution: None
Category: 📡国际频道, Name: DAZN Ringside, Total: 13, Valid: 0, Valid Percent: 0.00%, Whitelist: 0, IPv4: 0, IPv6: 13, Min Delay: -1 ms, Max Speed: 0.00 M/s, Avg Speed: 0.00 M/s, Max Resolution: None
Category: 📡国际频道, Name: Swerve Sports, Total: 3, Valid: 0, Valid Percent: 0.00%, Whitelist: 0, IPv4: 0, IPv6: 3, Min Delay: -1 ms, Max Speed: 0.00 M/s, Avg Speed: 0.00 M/s, Max Resolution: None
Category: 📡国际频道, Name: Red Bull TV (1080p), Total: 1, Valid: 0, Valid Percent: 0.00%, Whitelist: 0, IPv4: 0, IPv6: 1, Min Delay: -1 ms, Max Speed: 0.00 M/s, Avg Speed: 0.00 M/s, Max Resolution: None
Category: 📡国际频道, Name: Hot Ones, Total: 25, Valid: 0, Valid Percent: 0.00%, Whitelist: 0, IPv4: 0, IPv6: 25, Min Delay: -1 ms, Max Speed: 0.00 M/s, Avg Speed: 0.00 M/s, Max Resolution: None
Category: 📡国际频道, Name: Bad Girls Club, Total: 232, Valid: 0, Valid Percent: 0.00%, Whitelist: 0, IPv4: 0, IPv6: 232, Min Delay: -1 ms, Max Speed: 0.00 M/s, Avg Speed: 0.00 M/s, Max Resolution: None
Category: 📡国际频道, Name: Real Housewives Vault, Total: 319, Valid: 0, Valid Percent: 0.00%, Whitelist: 0, IPv4: 0, IPv6: 319, Min Delay: -1 ms, Max Speed: 0.00 M/s, Avg Speed: 0.00 M/s, Max Resolution: None
Category: 📡国际频道, Name: Outdoor Channel, Total: 3, Valid: 0, Valid Percent: 0.00%, Whitelist: 0, IPv4: 0, IPv6: 3, Min Delay: -1 ms, Max Speed: 0.00 M/s, Avg Speed: 0.00 M/s, Max Resolution: None
Category: 📡国际频道, Name: Outside TV, Total: 7, Valid: 0, Valid Percent: 0.00%, Whitelist: 0, IPv4: 0, IPv6: 7, Min Delay: -1 ms, Max Speed: 0.00 M/s, Avg Speed: 0.00 M/s, Max Resolution: None
Category: 📡国际频道, Name: American Idol, Total: 3, Valid: 0, Valid Percent: 0.00%, Whitelist: 0, IPv4: 0, IPv6: 3, Min Delay: -1 ms, Max Speed: 0.00 M/s, Avg Speed: 0.00 M/s, Max Resolution: None
Category: 📡国际频道, Name: MTV HD, Total: 4, Valid: 0, Valid Percent: 0.00%, Whitelist: 0, IPv4: 0, IPv6: 4, Min Delay: -1 ms, Max Speed: 0.00 M/s, Avg Speed: 0.00 M/s, Max Resolution: None
Category: 📡国际频道, Name: MTV Live, Total: 3, Valid: 0, Valid Percent: 0.00%, Whitelist: 0, IPv4: 0, IPv6: 3, Min Delay: -1 ms, Max Speed: 0.00 M/s, Avg Speed: 0.00 M/s, Max Resolution: None
Category: 📡国际频道, Name: MTV Music LIVE, Total: 2, Valid: 0, Valid Percent: 0.00%, Whitelist: 0, IPv4: 0, IPv6: 2, Min Delay: -1 ms, Max Speed: 0.00 M/s, Avg Speed: 0.00 M/s, Max Resolution: None
Category: 📡国际频道, Name: Brit Asia TV (1080p), Total: 1, Valid: 0, Valid Percent: 0.00%, Whitelist: 0, IPv4: 0, IPv6: 1, Min Delay: -1 ms, Max Speed: 0.00 M/s, Avg Speed: 0.00 M/s, Max Resolution: None
Category: 📡国际频道, Name: Dance Moms, Total: 12, Valid: 0, Valid Percent: 0.00%, Whitelist: 0, IPv4: 0, IPv6: 12, Min Delay: -1 ms, Max Speed: 0.00 M/s, Avg Speed: 0.00 M/s, Max Resolution: None
Category: 📡国际频道, Name: Hindi Hits HD, Total: 2, Valid: 0, Valid Percent: 0.00%, Whitelist: 0, IPv4: 0, IPv6: 2, Min Delay: -1 ms, Max Speed: 0.00 M/s, Avg Speed: 0.00 M/s, Max Resolution: None
Category: 📡国际频道, Name: Vevo Latino, Total: 7, Valid: 0, Valid Percent: 0.00%, Whitelist: 0, IPv4: 0, IPv6: 7, Min Delay: -1 ms, Max Speed: 0.00 M/s, Avg Speed: 0.00 M/s, Max Resolution: None
Category: 📡国际频道, Name: Vevo Pop, Total: 23, Valid: 0, Valid Percent: 0.00%, Whitelist: 0, IPv4: 0, IPv6: 23, Min Delay: -1 ms, Max Speed: 0.00 M/s, Avg Speed: 0.00 M/s, Max Resolution: None
Category: 📡国际频道, Name: Vevo Hip-Hop, Total: 4, Valid: 0, Valid Percent: 0.00%, Whitelist: 0, IPv4: 0, IPv6: 4, Min Delay: -1 ms, Max Speed: 0.00 M/s, Avg Speed: 0.00 M/s, Max Resolution: None
Category: 📡国际频道, Name: Vevo Hip-Hop & R&B (1080p), Total: 1, Valid: 0, Valid Percent: 0.00%, Whitelist: 0, IPv4: 0, IPv6: 1, Min Delay: -1 ms, Max Speed: 0.00 M/s, Avg Speed: 0.00 M/s, Max Resolution: None
Category: 📡国际频道, Name: Vevo Country, Total: 9, Valid: 0, Valid Percent: 0.00%, Whitelist: 0, IPv4: 0, IPv6: 9, Min Delay: -1 ms, Max Speed: 0.00 M/s, Avg Speed: 0.00 M/s, Max Resolution: None
Category: 📡国际频道, Name: Vevo 2K, Total: 6, Valid: 0, Valid Percent: 0.00%, Whitelist: 0, IPv4: 0, IPv6: 6, Min Delay: -1 ms, Max Speed: 0.00 M/s, Avg Speed: 0.00 M/s, Max Resolution: None
Category: 📡国际频道, Name: E 24, Total: 2, Valid: 0, Valid Percent: 0.00%, Whitelist: 0, IPv4: 0, IPv6: 2, Min Delay: -1 ms, Max Speed: 0.00 M/s, Avg Speed: 0.00 M/s, Max Resolution: None
Category: 📡国际频道, Name: M+ HD, Total: 3, Valid: 0, Valid Percent: 0.00%, Whitelist: 0, IPv4: 0, IPv6: 3, Min Delay: -1 ms, Max Speed: 0.00 M/s, Avg Speed: 0.00 M/s, Max Resolution: None
Category: 📡国际频道, Name: E! East, Total: 1, Valid: 0, Valid Percent: 0.00%, Whitelist: 0, IPv4: 0, IPv6: 1, Min Delay: -1 ms, Max Speed: 0.00 M/s, Avg Speed: 0.00 M/s, Max Resolution: None
Category: 📡国际频道, Name: TSN1, Total: 3, Valid: 0, Valid Percent: 0.00%, Whitelist: 0, IPv4: 0, IPv6: 3, Min Delay: -1 ms, Max Speed: 0.00 M/s, Avg Speed: 0.00 M/s, Max Resolution: None
Category: 📡国际频道, Name: TSN2, Total: 3, Valid: 0, Valid Percent: 0.00%, Whitelist: 0, IPv4: 0, IPv6: 3, Min Delay: -1 ms, Max Speed: 0.00 M/s, Avg Speed: 0.00 M/s, Max Resolution: None
Category: 📡国际频道, Name: TSN3, Total: 3, Valid: 0, Valid Percent: 0.00%, Whitelist: 0, IPv4: 0, IPv6: 3, Min Delay: -1 ms, Max Speed: 0.00 M/s, Avg Speed: 0.00 M/s, Max Resolution: None
Category: 📡国际频道, Name: TSN4, Total: 3, Valid: 0, Valid Percent: 0.00%, Whitelist: 0, IPv4: 0, IPv6: 3, Min Delay: -1 ms, Max Speed: 0.00 M/s, Avg Speed: 0.00 M/s, Max Resolution: None
Category: 📡国际频道, Name: TSN5, Total: 3, Valid: 0, Valid Percent: 0.00%, Whitelist: 0, IPv4: 0, IPv6: 3, Min Delay: -1 ms, Max Speed: 0.00 M/s, Avg Speed: 0.00 M/s, Max Resolution: None
Category: 📡国际频道, Name: ESPN U, Total: 3, Valid: 0, Valid Percent: 0.00%, Whitelist: 0, IPv4: 0, IPv6: 3, Min Delay: -1 ms, Max Speed: 0.00 M/s, Avg Speed: 0.00 M/s, Max Resolution: None
Category: 📡国际频道, Name: AXN, Total: 3, Valid: 0, Valid Percent: 0.00%, Whitelist: 0, IPv4: 0, IPv6: 3, Min Delay: -1 ms, Max Speed: 0.00 M/s, Avg Speed: 0.00 M/s, Max Resolution: None
Category: 📡国际频道, Name: KPOP+, Total: 9, Valid: 0, Valid Percent: 0.00%, Whitelist: 0, IPv4: 0, IPv6: 9, Min Delay: -1 ms, Max Speed: 0.00 M/s, Avg Speed: 0.00 M/s, Max Resolution: None
Category: 📡国际频道, Name: HBO, Total: 3, Valid: 0, Valid Percent: 0.00%, Whitelist: 0, IPv4: 0, IPv6: 3, Min Delay: -1 ms, Max Speed: 0.00 M/s, Avg Speed: 0.00 M/s, Max Resolution: None
Category: 📡国际频道, Name: HBO 2, Total: 3, Valid: 0, Valid Percent: 0.00%, Whitelist: 0, IPv4: 0, IPv6: 3, Min Delay: -1 ms, Max Speed: 0.00 M/s, Avg Speed: 0.00 M/s, Max Resolution: None
Category: 📡国际频道, Name: HBO Zone, Total: 3, Valid: 0, Valid Percent: 0.00%, Whitelist: 0, IPv4: 0, IPv6: 3, Min Delay: -1 ms, Max Speed: 0.00 M/s, Avg Speed: 0.00 M/s, Max Resolution: None
Category: 📡国际频道, Name: HBO HD, Total: 3, Valid: 0, Valid Percent: 0.00%, Whitelist: 0, IPv4: 0, IPv6: 3, Min Delay: -1 ms, Max Speed: 0.00 M/s, Avg Speed: 0.00 M/s, Max Resolution: None
Category: 📡国际频道, Name: HBO Family US, Total: 1, Valid: 1, Valid Percent: 100.00%, Whitelist: 0, IPv4: 1, IPv6: 0, Min Delay: 761 ms, Max Speed: 0.88 M/s, Avg Speed: 0.88 M/s, Max Resolution: 1920x1080
Category: 📡国际频道, Name: Scares by Shudder, Total: 345, Valid: 0, Valid Percent: 0.00%, Whitelist: 0, IPv4: 0, IPv6: 345, Min Delay: -1 ms, Max Speed: 0.00 M/s, Avg Speed: 0.00 M/s, Max Resolution: None
Category: 📡国际频道, Name: Sony PIX HD, Total: 1, Valid: 0, Valid Percent: 0.00%, Whitelist: 0, IPv4: 0, IPv6: 1, Min Delay: -1 ms, Max Speed: 0.00 M/s, Avg Speed: 0.00 M/s, Max Resolution: None
Category: 📡国际频道, Name: Sony Movie Channel, Total: 2, Valid: 0, Valid Percent: 0.00%, Whitelist: 0, IPv4: 0, IPv6: 2, Min Delay: -1 ms, Max Speed: 0.00 M/s, Avg Speed: 0.00 M/s, Max Resolution: None
Category: 📡国际频道, Name: Cinemax, Total: 3, Valid: 0, Valid Percent: 0.00%, Whitelist: 0, IPv4: 0, IPv6: 3, Min Delay: -1 ms, Max Speed: 0.00 M/s, Avg Speed: 0.00 M/s, Max Resolution: None
Category: 📡国际频道, Name: CINEMAX, Total: 2, Valid: 0, Valid Percent: 0.00%, Whitelist: 0, IPv4: 0, IPv6: 2, Min Delay: -1 ms, Max Speed: 0.00 M/s, Avg Speed: 0.00 M/s, Max Resolution: None
Category: 📡国际频道, Name: Stories by AMC, Total: 349, Valid: 0, Valid Percent: 0.00%, Whitelist: 0, IPv4: 0, IPv6: 349, Min Delay: -1 ms, Max Speed: 0.00 M/s, Avg Speed: 0.00 M/s, Max Resolution: None
Category: 📡国际频道, Name: Hallmark Movies & More, Total: 203, Valid: 0, Valid Percent: 0.00%, Whitelist: 0, IPv4: 0, IPv6: 203, Min Delay: -1 ms, Max Speed: 0.00 M/s, Avg Speed: 0.00 M/s, Max Resolution: None
Category: 📡国际频道, Name: MovieSphere by Lionsgate, Total: 345, Valid: 0, Valid Percent: 0.00%, Whitelist: 0, IPv4: 0, IPv6: 345, Min Delay: -1 ms, Max Speed: 0.00 M/s, Avg Speed: 0.00 M/s, Max Resolution: None
Category: 📡国际频道, Name: Hi-Yah!, Total: 343, Valid: 0, Valid Percent: 0.00%, Whitelist: 0, IPv4: 0, IPv6: 343, Min Delay: -1 ms, Max Speed: 0.00 M/s, Avg Speed: 0.00 M/s, Max Resolution: None
Category: 📡国际频道, Name: Shades of Black, Total: 349, Valid: 0, Valid Percent: 0.00%, Whitelist: 0, IPv4: 0, IPv6: 349, Min Delay: -1 ms, Max Speed: 0.00 M/s, Avg Speed: 0.00 M/s, Max Resolution: None
Category: 📡国际频道, Name: Disney XD, Total: 3, Valid: 0, Valid Percent: 0.00%, Whitelist: 0, IPv4: 0, IPv6: 3, Min Delay: -1 ms, Max Speed: 0.00 M/s, Avg Speed: 0.00 M/s, Max Resolution: None
Category: 📡国际频道, Name: Miami TV Jenny Live (720p) [Not 24/7], Total: 1, Valid: 1, Valid Percent: 100.00%, Whitelist: 0, IPv4: 1, IPv6: 0, Min Delay: 1624 ms, Max Speed: 2.63 M/s, Avg Speed: 2.63 M/s, Max Resolution: 1920x1080
Category: 📡国际频道, Name: Miami TV Mexico (1080p), Total: 1, Valid: 1, Valid Percent: 100.00%, Whitelist: 0, IPv4: 1, IPv6: 0, Min Delay: 2415 ms, Max Speed: 2.54 M/s, Avg Speed: 2.54 M/s, Max Resolution: 1280x720
Category: 📡俄语频道, Name: Babes, Total: 3, Valid: 1, Valid Percent: 33.33%, Whitelist: 0, IPv4: 1, IPv6: 2, Min Delay: 2035 ms, Max Speed: 1.08 M/s, Avg Speed: 1.08 M/s, Max Resolution: None
Category: 📡俄语频道, Name: Babes TV HD, Total: 1, Valid: 1, Valid Percent: 100.00%, Whitelist: 0, IPv4: 1, IPv6: 0, Min Delay: 1220 ms, Max Speed: 0.11 M/s, Avg Speed: 0.11 M/s, Max Resolution: 1920x1080
Category: 📡俄语频道, Name: Brazzers, Total: 1, Valid: 1, Valid Percent: 100.00%, Whitelist: 0, IPv4: 1, IPv6: 0, Min Delay: 1810 ms, Max Speed: 0.92 M/s, Avg Speed: 0.92 M/s, Max Resolution: None
Category: 📡俄语频道, Name: Extasy, Total: 1, Valid: 1, Valid Percent: 100.00%, Whitelist: 0, IPv4: 1, IPv6: 0, Min Delay: 1991 ms, Max Speed: 1.08 M/s, Avg Speed: 1.08 M/s, Max Resolution: None
Category: 📡俄语频道, Name: Erox, Total: 1, Valid: 1, Valid Percent: 100.00%, Whitelist: 0, IPv4: 1, IPv6: 0, Min Delay: 1992 ms, Max Speed: 1.03 M/s, Avg Speed: 1.03 M/s, Max Resolution: None
Category: 📡俄语频道, Name: Desire HD, Total: 1, Valid: 1, Valid Percent: 100.00%, Whitelist: 0, IPv4: 1, IPv6: 0, Min Delay: 1997 ms, Max Speed: 1.17 M/s, Avg Speed: 1.17 M/s, Max Resolution: None
Category: 📡俄语频道, Name: Dorcel, Total: 1, Valid: 1, Valid Percent: 100.00%, Whitelist: 0, IPv4: 1, IPv6: 0, Min Delay: 2033 ms, Max Speed: 1.06 M/s, Avg Speed: 1.06 M/s, Max Resolution: None
Category: 📡俄语频道, Name: Hustler HD, Total: 2, Valid: 0, Valid Percent: 0.00%, Whitelist: 0, IPv4: 0, IPv6: 2, Min Delay: -1 ms, Max Speed: 0.00 M/s, Avg Speed: 0.00 M/s, Max Resolution: None
Category: 📡俄语频道, Name: Porn Classic, Total: 1, Valid: 1, Valid Percent: 100.00%, Whitelist: 0, IPv4: 1, IPv6: 0, Min Delay: 1674 ms, Max Speed: 0.41 M/s, Avg Speed: 0.41 M/s, Max Resolution: 1280x720
Category: 📡俄语频道, Name: Erox HD, Total: 1, Valid: 1, Valid Percent: 100.00%, Whitelist: 0, IPv4: 1, IPv6: 0, Min Delay: 1133 ms, Max Speed: 0.12 M/s, Avg Speed: 0.12 M/s, Max Resolution: 1920x1080
Category: 📡俄语频道, Name: Leo HD, Total: 1, Valid: 1, Valid Percent: 100.00%, Whitelist: 0, IPv4: 1, IPv6: 0, Min Delay: 1928 ms, Max Speed: 1.10 M/s, Avg Speed: 1.10 M/s, Max Resolution: None
Category: 📡俄语频道, Name: Reality Kings, Total: 1, Valid: 1, Valid Percent: 100.00%, Whitelist: 0, IPv4: 1, IPv6: 0, Min Delay: 2041 ms, Max Speed: 1.08 M/s, Avg Speed: 1.08 M/s, Max Resolution: None
Category: 📡俄语频道, Name: Eroxxx, Total: 3, Valid: 1, Valid Percent: 33.33%, Whitelist: 0, IPv4: 1, IPv6: 2, Min Delay: 1999 ms, Max Speed: 1.07 M/s, Avg Speed: 1.07 M/s, Max Resolution: None
Category: 📡俄语频道, Name: DDF, Total: 1, Valid: 1, Valid Percent: 100.00%, Whitelist: 0, IPv4: 1, IPv6: 0, Min Delay: 2287 ms, Max Speed: 2.00 M/s, Avg Speed: 2.00 M/s, Max Resolution: 1920x1080
Category: 📡俄语频道, Name: japanh, Total: 1, Valid: 1, Valid Percent: 100.00%, Whitelist: 0, IPv4: 1, IPv6: 0, Min Delay: 1063 ms, Max Speed: 0.30 M/s, Avg Speed: 0.30 M/s, Max Resolution: 1920x1080
Category: 📡俄语频道, Name: japanhdv, Total: 2, Valid: 2, Valid Percent: 100.00%, Whitelist: 0, IPv4: 2, IPv6: 0, Min Delay: 1083 ms, Max Speed: 0.29 M/s, Avg Speed: 0.29 M/s, Max Resolution: 1280x720
Category: 📡俄语频道, Name: passion, Total: 1, Valid: 1, Valid Percent: 100.00%, Whitelist: 0, IPv4: 1, IPv6: 0, Min Delay: 5543 ms, Max Speed: 0.61 M/s, Avg Speed: 0.61 M/s, Max Resolution: 1920x1080
